2025-12-31 08:24:34 http: [0mPOST /api/auth/validate [33m401[0m 74.660 ms - 338[0m
2025-12-31 08:24:34 http: [0mPOST /api/auth/validate [33m401[0m 85.752 ms - 338[0m
2025-12-31 08:24:34 http: [0mPOST /api/auth/refresh [31m500[0m 0.721 ms - -[0m
2025-12-31 08:24:34 http: [0mPOST /api/auth/refresh [31m500[0m 1.261 ms - -[0m
2025-12-31 08:24:37 http: [0mPOST /api/admin/login [32m200[0m 314.329 ms - 465[0m
2025-12-31 08:24:38 http: [0mGET /api/admin/system/status [36m304[0m 149.464 ms - -[0m
2025-12-31 08:24:38 http: [0mGET /api/admin/stats/weekly [32m200[0m 224.965 ms - 26[0m
2025-12-31 08:24:38 http: [0mGET /api/admin/stats [36m304[0m 285.553 ms - -[0m
2025-12-31 08:24:39 http: [0mGET /api/admin/activity [32m200[0m 1440.939 ms - 26[0m
2025-12-31 08:24:46 http: [0mGET /api/admin/codes?page=1&limit=1000&search= [32m200[0m 227.830 ms - 54[0m
2025-12-31 08:24:47 http: [0mGET /api/stream/channels?category= [36m304[0m 230.762 ms - -[0m
2025-12-31 08:24:49 http: [0mGET /api/admin/sessions/live [32m200[0m 307.805 ms - 479[0m
2025-12-31 08:24:55 http: [0mGET /api/admin/system/status [36m304[0m 151.696 ms - -[0m
2025-12-31 08:24:55 http: [0mGET /api/admin/stats/weekly [36m304[0m 220.050 ms - -[0m
2025-12-31 08:24:55 http: [0mGET /api/admin/stats [36m304[0m 277.117 ms - -[0m
2025-12-31 08:24:55 http: [0mGET /api/admin/activity [36m304[0m 293.597 ms - -[0m
2025-12-31 08:24:56 http: [0mPOST /api/auth/validate [32m200[0m 139.604 ms - 112[0m
2025-12-31 08:24:56 http: [0mPOST /api/auth/validate [32m200[0m 145.885 ms - 112[0m
2025-12-31 08:24:56 http: [0mGET /api/admin/system/status [36m304[0m 146.353 ms - -[0m
2025-12-31 08:24:57 http: [0mGET /api/admin/stats/weekly [36m304[0m 219.742 ms - -[0m
2025-12-31 08:24:57 http: [0mGET /api/admin/stats [36m304[0m 280.336 ms - -[0m
2025-12-31 08:24:57 http: [0mGET /api/admin/activity [36m304[0m 304.856 ms - -[0m
2025-12-31 08:24:57 http: [0mPOST /api/auth/validate [32m200[0m 139.561 ms - 112[0m
2025-12-31 08:24:57 http: [0mPOST /api/auth/validate [32m200[0m 151.998 ms - 112[0m
2025-12-31 08:24:57 http: [0mGET /api/admin/system/status [0m-[0m - ms - -[0m
2025-12-31 08:24:57 http: [0mGET /api/admin/activity [0m-[0m - ms - -[0m
2025-12-31 08:24:57 http: [0mGET /api/admin/stats/weekly [0m-[0m - ms - -[0m
2025-12-31 08:24:57 http: [0mGET /api/admin/stats [0m-[0m - ms - -[0m
2025-12-31 08:24:58 http: [0mPOST /api/auth/validate [32m200[0m 151.873 ms - 112[0m
2025-12-31 08:24:58 http: [0mGET /api/admin/system/status [32m200[0m 153.322 ms - 43[0m
2025-12-31 08:24:58 http: [0mGET /api/admin/stats/weekly [32m200[0m 215.326 ms - 26[0m
2025-12-31 08:24:58 http: [0mGET /api/admin/stats [32m200[0m 291.247 ms - 26[0m
2025-12-31 08:24:58 http: [0mGET /api/admin/activity [32m200[0m 292.956 ms - 26[0m
2025-12-31 08:24:58 http: [0mPOST /api/auth/validate [0m-[0m - ms - -[0m
2025-12-31 08:24:58 http: [0mPOST /api/auth/validate [32m200[0m 148.038 ms - 112[0m
2025-12-31 08:24:58 http: [0mPOST /api/auth/validate [32m200[0m 149.195 ms - 112[0m
2025-12-31 08:24:59 http: [0mGET /api/admin/system/status [36m304[0m 145.604 ms - -[0m
2025-12-31 08:24:59 http: [0mGET /api/admin/stats/weekly [36m304[0m 212.336 ms - -[0m
2025-12-31 08:24:59 http: [0mGET /api/admin/stats [36m304[0m 292.268 ms - -[0m
2025-12-31 08:24:59 http: [0mGET /api/admin/activity [36m304[0m 301.158 ms - -[0m
2025-12-31 08:25:00 http: [0mGET /api/admin/codes?page=1&limit=1000&search= [36m304[0m 226.108 ms - -[0m
2025-12-31 08:25:05 http: [0mPOST /api/admin/codes [32m201[0m 242.616 ms - 535[0m
2025-12-31 08:25:05 http: [0mGET /api/admin/codes?page=1&limit=1000&search= [32m200[0m 229.916 ms - 216[0m
2025-12-31 08:25:10 http: [0mGET /api/stream/channels?category= [36m304[0m 226.526 ms - -[0m
2025-12-31 08:25:12 http: [0mGET /api/admin/sessions/live [36m304[0m 303.987 ms - -[0m
2025-12-31 08:25:14 http: [0mPOST /api/auth/validate [32m200[0m 146.097 ms - 112[0m
2025-12-31 08:25:14 http: [0mPOST /api/auth/validate [32m200[0m 152.438 ms - 112[0m
2025-12-31 08:25:14 http: [0mGET /api/admin/sessions/live [36m304[0m 301.768 ms - -[0m
2025-12-31 08:25:15 http: [0mGET /api/admin/system/status [36m304[0m 154.374 ms - -[0m
2025-12-31 08:25:15 http: [0mGET /api/admin/stats/weekly [32m200[0m 210.735 ms - 56[0m
2025-12-31 08:25:15 http: [0mGET /api/admin/stats [36m304[0m 291.670 ms - -[0m
2025-12-31 08:25:15 http: [0mGET /api/admin/activity [32m200[0m 367.520 ms - 100[0m
2025-12-31 08:25:16 http: [0mPOST /api/auth/validate [32m200[0m 147.605 ms - 112[0m
2025-12-31 08:25:16 http: [0mPOST /api/auth/validate [32m200[0m 148.469 ms - 112[0m
2025-12-31 08:25:16 http: [0mGET /api/admin/system/status [36m304[0m 145.666 ms - -[0m
2025-12-31 08:25:16 http: [0mGET /api/admin/stats/weekly [36m304[0m 212.518 ms - -[0m
2025-12-31 08:25:16 http: [0mGET /api/admin/stats [36m304[0m 293.335 ms - -[0m
2025-12-31 08:25:16 http: [0mGET /api/admin/activity [36m304[0m 378.622 ms - -[0m
2025-12-31 08:25:32 http: [0mGET /api/admin/activity [36m304[0m 382.760 ms - -[0m
2025-12-31 08:25:46 http: [0mGET /api/admin/system/status [36m304[0m 173.454 ms - -[0m
2025-12-31 08:25:46 http: [0mGET /api/admin/stats [36m304[0m 336.312 ms - -[0m
2025-12-31 08:25:47 http: [0mGET /api/admin/activity [36m304[0m 370.226 ms - -[0m
2025-12-31 08:26:28 http: [0mGET /api/admin/system/status [36m304[0m 148.091 ms - -[0m
2025-12-31 08:26:28 http: [0mGET /api/admin/stats/weekly [36m304[0m 213.711 ms - -[0m
2025-12-31 08:26:28 http: [0mGET /api/admin/stats [36m304[0m 306.345 ms - -[0m
2025-12-31 08:26:28 http: [0mGET /api/admin/activity [36m304[0m 361.704 ms - -[0m
2025-12-31 08:26:40 http: [0mGET /api/admin/system/status [36m304[0m 149.251 ms - -[0m
2025-12-31 08:26:40 http: [0mGET /api/admin/stats/weekly [36m304[0m 216.353 ms - -[0m
2025-12-31 08:26:41 http: [0mGET /api/admin/stats [36m304[0m 307.031 ms - -[0m
2025-12-31 08:26:41 http: [0mGET /api/admin/activity [36m304[0m 367.373 ms - -[0m
2025-12-31 08:26:43 http: [0mPOST /api/auth/validate [32m200[0m 146.654 ms - 112[0m
2025-12-31 08:26:43 http: [0mPOST /api/auth/validate [32m200[0m 153.726 ms - 112[0m
2025-12-31 08:26:43 http: [0mGET /api/admin/system/status [36m304[0m 153.295 ms - -[0m
2025-12-31 08:26:43 http: [0mGET /api/admin/stats/weekly [36m304[0m 211.513 ms - -[0m
2025-12-31 08:26:44 http: [0mGET /api/admin/stats [36m304[0m 290.426 ms - -[0m
2025-12-31 08:26:44 http: [0mGET /api/admin/activity [36m304[0m 363.508 ms - -[0m
2025-12-31 08:26:44 http: [0mPOST /api/auth/validate [32m200[0m 147.213 ms - 112[0m
2025-12-31 08:26:44 http: [0mPOST /api/auth/validate [32m200[0m 147.503 ms - 112[0m
2025-12-31 08:26:45 http: [0mGET /api/admin/system/status [36m304[0m 146.265 ms - -[0m
2025-12-31 08:26:45 http: [0mGET /api/admin/stats/weekly [36m304[0m 214.572 ms - -[0m
2025-12-31 08:26:45 http: [0mGET /api/admin/stats [0m-[0m - ms - -[0m
2025-12-31 08:26:45 http: [0mGET /api/admin/activity [0m-[0m - ms - -[0m
2025-12-31 08:26:45 http: [0mPOST /api/auth/validate [32m200[0m 143.459 ms - 112[0m
2025-12-31 08:26:45 http: [0mPOST /api/auth/validate [32m200[0m 151.341 ms - 112[0m
2025-12-31 08:26:45 http: [0mGET /api/admin/system/status [36m304[0m 152.931 ms - -[0m
2025-12-31 08:26:45 http: [0mGET /api/admin/stats/weekly [36m304[0m 221.253 ms - -[0m
2025-12-31 08:26:45 http: [0mGET /api/admin/stats [32m200[0m 293.320 ms - 26[0m
2025-12-31 08:26:45 http: [0mGET /api/admin/activity [32m200[0m 348.341 ms - 100[0m
2025-12-31 08:26:46 http: [0mPOST /api/auth/validate [32m200[0m 138.832 ms - 112[0m
2025-12-31 08:26:46 http: [0mPOST /api/auth/validate [32m200[0m 143.413 ms - 112[0m
2025-12-31 08:26:46 http: [0mGET /api/admin/system/status [36m304[0m 145.447 ms - -[0m
2025-12-31 08:26:46 http: [0mGET /api/admin/stats/weekly [36m304[0m 219.582 ms - -[0m
2025-12-31 08:26:46 http: [0mGET /api/admin/stats [36m304[0m 279.664 ms - -[0m
2025-12-31 08:26:46 http: [0mGET /api/admin/activity [36m304[0m 382.946 ms - -[0m
2025-12-31 08:27:13 http: [0mGET /api/admin/system/status [36m304[0m 153.398 ms - -[0m
2025-12-31 08:27:13 http: [0mGET /api/admin/stats/weekly [36m304[0m 219.484 ms - -[0m
2025-12-31 08:27:13 http: [0mGET /api/admin/stats [36m304[0m 280.732 ms - -[0m
2025-12-31 08:27:13 http: [0mGET /api/admin/activity [36m304[0m 366.426 ms - -[0m
2025-12-31 08:27:26 http: [0mGET /api/admin/system/status [36m304[0m 146.761 ms - -[0m
2025-12-31 08:27:26 http: [0mGET /api/admin/stats/weekly [36m304[0m 220.748 ms - -[0m
2025-12-31 08:27:26 http: [0mGET /api/admin/stats [36m304[0m 283.139 ms - -[0m
2025-12-31 08:27:26 http: [0mGET /api/admin/activity [36m304[0m 380.077 ms - -[0m
2025-12-31 08:27:40 http: [0mGET /api/admin/system/status [36m304[0m 151.954 ms - -[0m
2025-12-31 08:27:40 http: [0mGET /api/admin/stats/weekly [36m304[0m 223.876 ms - -[0m
2025-12-31 08:27:40 http: [0mGET /api/admin/stats [36m304[0m 281.655 ms - -[0m
2025-12-31 08:27:40 http: [0mGET /api/admin/activity [36m304[0m 373.378 ms - -[0m
2025-12-31 08:27:47 http: [0mGET /api/admin/system/status [36m304[0m 147.701 ms - -[0m
2025-12-31 08:27:47 http: [0mGET /api/admin/stats/weekly [36m304[0m 222.743 ms - -[0m
2025-12-31 08:27:47 http: [0mGET /api/admin/stats [36m304[0m 280.161 ms - -[0m
2025-12-31 08:27:47 http: [0mGET /api/admin/activity [36m304[0m 400.610 ms - -[0m
2025-12-31 08:27:48 http: [0mPOST /api/auth/validate [32m200[0m 142.114 ms - 112[0m
2025-12-31 08:27:48 http: [0mPOST /api/auth/validate [32m200[0m 152.015 ms - 112[0m
2025-12-31 08:27:48 http: [0mGET /api/admin/system/status [36m304[0m 153.034 ms - -[0m
2025-12-31 08:27:48 http: [0mGET /api/admin/stats/weekly [36m304[0m 221.808 ms - -[0m
2025-12-31 08:27:48 http: [0mGET /api/admin/stats [36m304[0m 280.988 ms - -[0m
2025-12-31 08:27:48 http: [0mGET /api/admin/activity [36m304[0m 369.554 ms - -[0m
2025-12-31 08:27:49 http: [0mPOST /api/auth/validate [32m200[0m 142.125 ms - 112[0m
2025-12-31 08:27:49 http: [0mPOST /api/auth/validate [32m200[0m 148.945 ms - 112[0m
2025-12-31 08:27:49 http: [0mGET /api/admin/system/status [36m304[0m 146.005 ms - -[0m
2025-12-31 08:27:49 http: [0mGET /api/admin/stats/weekly [36m304[0m 219.269 ms - -[0m
2025-12-31 08:27:49 http: [0mGET /api/admin/stats [36m304[0m 281.919 ms - -[0m
2025-12-31 08:27:49 http: [0mGET /api/admin/activity [36m304[0m 378.614 ms - -[0m
2025-12-31 08:27:50 http: [0mPOST /api/auth/validate [32m200[0m 138.504 ms - 112[0m
2025-12-31 08:27:50 http: [0mPOST /api/auth/validate [32m200[0m 152.970 ms - 112[0m
2025-12-31 08:27:50 http: [0mGET /api/admin/system/status [36m304[0m 151.198 ms - -[0m
2025-12-31 08:27:50 http: [0mGET /api/admin/stats/weekly [36m304[0m 221.081 ms - -[0m
2025-12-31 08:27:50 http: [0mGET /api/admin/stats [36m304[0m 281.953 ms - -[0m
2025-12-31 08:27:50 http: [0mGET /api/admin/activity [36m304[0m 365.236 ms - -[0m
2025-12-31 08:28:24 http: [0mGET /api/admin/system/status [36m304[0m 151.449 ms - -[0m
2025-12-31 08:28:24 http: [0mGET /api/admin/stats/weekly [36m304[0m 224.520 ms - -[0m
2025-12-31 08:28:24 http: [0mGET /api/admin/stats [36m304[0m 286.355 ms - -[0m
2025-12-31 08:28:24 http: [0mGET /api/admin/activity [36m304[0m 383.027 ms - -[0m
2025-12-31 08:28:33 http: [0mGET /api/admin/system/status [36m304[0m 156.931 ms - -[0m
2025-12-31 08:28:33 http: [0mGET /api/admin/stats/weekly [36m304[0m 226.053 ms - -[0m
2025-12-31 08:28:33 http: [0mGET /api/admin/stats [36m304[0m 281.506 ms - -[0m
2025-12-31 08:28:33 http: [0mGET /api/admin/activity [36m304[0m 372.501 ms - -[0m
2025-12-31 08:28:44 http: [0mGET /api/admin/system/status [36m304[0m 147.701 ms - -[0m
2025-12-31 08:28:44 http: [0mGET /api/admin/stats/weekly [36m304[0m 230.527 ms - -[0m
2025-12-31 08:28:44 http: [0mGET /api/admin/stats [36m304[0m 302.195 ms - -[0m
2025-12-31 08:28:44 http: [0mGET /api/admin/activity [36m304[0m 385.535 ms - -[0m
2025-12-31 08:28:50 http: [0mGET /api/admin/system/status [36m304[0m 151.327 ms - -[0m
2025-12-31 08:28:50 http: [0mGET /api/admin/stats/weekly [36m304[0m 222.070 ms - -[0m
2025-12-31 08:28:50 http: [0mGET /api/admin/stats [36m304[0m 279.781 ms - -[0m
2025-12-31 08:28:50 http: [0mGET /api/admin/activity [36m304[0m 371.547 ms - -[0m
2025-12-31 08:28:54 http: [0mGET /api/admin/system/status [36m304[0m 159.393 ms - -[0m
2025-12-31 08:28:54 http: [0mGET /api/admin/stats/weekly [36m304[0m 231.792 ms - -[0m
2025-12-31 08:28:54 http: [0mGET /api/admin/stats [36m304[0m 294.669 ms - -[0m
2025-12-31 08:28:54 http: [0mGET /api/admin/activity [36m304[0m 409.792 ms - -[0m
2025-12-31 08:28:55 http: [0mPOST /api/auth/validate [32m200[0m 139.862 ms - 112[0m
2025-12-31 08:28:55 http: [0mPOST /api/auth/validate [32m200[0m 151.385 ms - 112[0m
2025-12-31 08:28:55 http: [0mGET /api/admin/system/status [36m304[0m 150.536 ms - -[0m
2025-12-31 08:28:55 http: [0mGET /api/admin/stats/weekly [36m304[0m 220.697 ms - -[0m
2025-12-31 08:28:55 http: [0mGET /api/admin/stats [36m304[0m 280.050 ms - -[0m
2025-12-31 08:28:55 http: [0mGET /api/admin/activity [36m304[0m 368.085 ms - -[0m
2025-12-31 08:29:06 http: [0mGET /api/admin/system/status [36m304[0m 144.546 ms - -[0m
2025-12-31 08:29:06 http: [0mGET /api/admin/stats/weekly [36m304[0m 218.660 ms - -[0m
2025-12-31 08:29:06 http: [0mGET /api/admin/stats [36m304[0m 276.708 ms - -[0m
2025-12-31 08:29:06 http: [0mGET /api/admin/activity [36m304[0m 385.392 ms - -[0m
2025-12-31 08:29:07 http: [0mGET /api/admin/system/status [36m304[0m 151.787 ms - -[0m
2025-12-31 08:29:07 http: [0mGET /api/admin/stats/weekly [36m304[0m 221.994 ms - -[0m
2025-12-31 08:29:07 http: [0mGET /api/admin/stats [36m304[0m 281.320 ms - -[0m
2025-12-31 08:29:08 http: [0mGET /api/admin/activity [36m304[0m 370.732 ms - -[0m
2025-12-31 08:29:09 http: [0mGET /api/admin/system/status [36m304[0m 147.651 ms - -[0m
2025-12-31 08:29:10 http: [0mGET /api/admin/stats/weekly [36m304[0m 221.414 ms - -[0m
2025-12-31 08:29:10 http: [0mGET /api/admin/stats [36m304[0m 286.123 ms - -[0m
2025-12-31 08:29:10 http: [0mGET /api/admin/activity [36m304[0m 381.070 ms - -[0m
2025-12-31 08:29:12 http: [0mGET /api/admin/system/status [36m304[0m 150.999 ms - -[0m
2025-12-31 08:29:12 http: [0mGET /api/admin/stats/weekly [36m304[0m 219.737 ms - -[0m
2025-12-31 08:29:12 http: [0mGET /api/admin/stats [36m304[0m 278.497 ms - -[0m
2025-12-31 08:29:12 http: [0mGET /api/admin/activity [36m304[0m 366.620 ms - -[0m
2025-12-31 08:29:14 http: [0mPOST /api/auth/validate [32m200[0m 139.815 ms - 112[0m
2025-12-31 08:29:14 http: [0mPOST /api/auth/validate [32m200[0m 148.079 ms - 112[0m
2025-12-31 08:29:14 http: [0mGET /api/admin/system/status [36m304[0m 145.305 ms - -[0m
2025-12-31 08:29:14 http: [0mGET /api/admin/stats/weekly [36m304[0m 217.979 ms - -[0m
2025-12-31 08:29:14 http: [0mGET /api/admin/stats [36m304[0m 279.616 ms - -[0m
2025-12-31 08:29:14 http: [0mGET /api/admin/activity [36m304[0m 378.590 ms - -[0m
2025-12-31 08:29:28 http: [0mGET /api/admin/codes?page=1&limit=1000&search= [36m304[0m 226.775 ms - -[0m
2025-12-31 08:29:30 http: [0mGET /api/admin/system/status [36m304[0m 151.375 ms - -[0m
2025-12-31 08:29:30 http: [0mGET /api/admin/stats/weekly [36m304[0m 219.961 ms - -[0m
2025-12-31 08:29:30 http: [0mGET /api/admin/stats [36m304[0m 277.267 ms - -[0m
2025-12-31 08:29:30 http: [0mGET /api/admin/activity [36m304[0m 367.023 ms - -[0m
2025-12-31 08:29:33 http: [0mPOST /api/auth/validate [32m200[0m 139.797 ms - 112[0m
2025-12-31 08:29:33 http: [0mPOST /api/auth/validate [32m200[0m 145.638 ms - 112[0m
2025-12-31 08:29:33 http: [0mGET /api/admin/system/status [36m304[0m 146.218 ms - -[0m
2025-12-31 08:29:33 http: [0mGET /api/admin/stats/weekly [36m304[0m 219.593 ms - -[0m
2025-12-31 08:29:33 http: [0mGET /api/admin/stats [36m304[0m 276.247 ms - -[0m
2025-12-31 08:29:33 http: [0mGET /api/admin/activity [36m304[0m 384.249 ms - -[0m
2025-12-31 08:29:35 http: [0mGET /api/stream/channels?category= [36m304[0m 224.834 ms - -[0m
2025-12-31 08:29:36 http: [0mGET /api/admin/sessions/live [36m304[0m 303.371 ms - -[0m
2025-12-31 08:29:39 http: [0mGET /api/admin/codes?page=1&limit=1000&search= [36m304[0m 256.452 ms - -[0m
2025-12-31 08:29:44 http: [0mDELETE /api/admin/codes/6954c1c10431ba69c8c69f63 [32m200[0m 315.192 ms - 54[0m
2025-12-31 08:29:44 http: [0mGET /api/admin/codes?page=1&limit=1000&search= [32m200[0m 228.920 ms - 54[0m
